{
  "pc": 0,
  "module_id": "",
  "func_name": "create_account",
  "inputs": [
    "Address(34bf7e2d17674feb234371a7ea58efd715f0e56ba20ebf13789480d9d643afaf)"
  ],
  "outputs": [],
  "type_args": [],
  "sub_traces": [
    {
      "pc": 0,
      "module_id": "0000000000000000000000000000000000000000000000000000000000000001::account",
      "func_name": "create_account",
      "inputs": [
        "0x34bf7e2d17674feb234371a7ea58efd715f0e56ba20ebf13789480d9d643afaf"
      ],
      "outputs": [
        "signer(0x34bf7e2d17674feb234371a7ea58efd715f0e56ba20ebf13789480d9d643afaf)"
      ],
      "type_args": [],
      "sub_traces": [
        {
          "pc": 0,
          "module_id": "0000000000000000000000000000000000000000000000000000000000000001::account",
          "func_name": "create_account_unchecked",
          "inputs": [
            "0x34bf7e2d17674feb234371a7ea58efd715f0e56ba20ebf13789480d9d643afaf"
          ],
          "outputs": [
            "signer(0x34bf7e2d17674feb234371a7ea58efd715f0e56ba20ebf13789480d9d643afaf)"
          ],
          "type_args": [],
          "sub_traces": [
            {
              "pc": 0,
              "module_id": "0000000000000000000000000000000000000000000000000000000000000001::guid",
              "func_name": "create",
              "inputs": [
                "0x34bf7e2d17674feb234371a7ea58efd715f0e56ba20ebf13789480d9d643afaf",
                "0u64"
              ],
              "outputs": [
                "struct[struct[0u64, 0x34bf7e2d17674feb234371a7ea58efd715f0e56ba20ebf13789480d9d643afaf]]"
              ],
              "type_args": [],
              "sub_traces": []
            },
            {
              "pc": 0,
              "module_id": "0000000000000000000000000000000000000000000000000000000000000001::event",
              "func_name": "new_event_handle",
              "inputs": [
                "struct[struct[0u64, 0x34bf7e2d17674feb234371a7ea58efd715f0e56ba20ebf13789480d9d643afaf]]"
              ],
              "outputs": [
                "struct[0u64, struct[struct[0u64, 0x34bf7e2d17674feb234371a7ea58efd715f0e56ba20ebf13789480d9d643afaf]]]"
              ],
              "type_args": [],
              "sub_traces": []
            },
            {
              "pc": 0,
              "module_id": "0000000000000000000000000000000000000000000000000000000000000001::guid",
              "func_name": "create",
              "inputs": [
                "0x34bf7e2d17674feb234371a7ea58efd715f0e56ba20ebf13789480d9d643afaf",
                "1u64"
              ],
              "outputs": [
                "struct[struct[1u64, 0x34bf7e2d17674feb234371a7ea58efd715f0e56ba20ebf13789480d9d643afaf]]"
              ],
              "type_args": [],
              "sub_traces": []
            },
            {
              "pc": 0,
              "module_id": "0000000000000000000000000000000000000000000000000000000000000001::event",
              "func_name": "new_event_handle",
              "inputs": [
                "struct[struct[1u64, 0x34bf7e2d17674feb234371a7ea58efd715f0e56ba20ebf13789480d9d643afaf]]"
              ],
              "outputs": [
                "struct[0u64, struct[struct[1u64, 0x34bf7e2d17674feb234371a7ea58efd715f0e56ba20ebf13789480d9d643afaf]]]"
              ],
              "type_args": [],
              "sub_traces": []
            },
            {
              "pc": 0,
              "module_id": "0000000000000000000000000000000000000000000000000000000000000001::option",
              "func_name": "none",
              "inputs": [],
              "outputs": [
                ""
              ],
              "type_args": [],
              "sub_traces": []
            },
            {
              "pc": 0,
              "module_id": "0000000000000000000000000000000000000000000000000000000000000001::option",
              "func_name": "none",
              "inputs": [],
              "outputs": [
                ""
              ],
              "type_args": [],
              "sub_traces": []
            }
          ]
        }
      ]
    },
    {
      "pc": 0,
      "module_id": "0000000000000000000000000000000000000000000000000000000000000001::coin",
      "func_name": "register",
      "inputs": [
        "signer(0x34bf7e2d17674feb234371a7ea58efd715f0e56ba20ebf13789480d9d643afaf)"
      ],
      "outputs": [],
      "type_args": [],
      "sub_traces": [
        {
          "pc": 0,
          "module_id": "0000000000000000000000000000000000000000000000000000000000000001::signer",
          "func_name": "address_of",
          "inputs": [
            "signer(0x34bf7e2d17674feb234371a7ea58efd715f0e56ba20ebf13789480d9d643afaf)"
          ],
          "outputs": [
            "0x34bf7e2d17674feb234371a7ea58efd715f0e56ba20ebf13789480d9d643afaf"
          ],
          "type_args": [
            "0x1::aptos_coin::AptosCoin"
          ],
          "sub_traces": []
        },
        {
          "pc": 0,
          "module_id": "0000000000000000000000000000000000000000000000000000000000000001::coin",
          "func_name": "is_account_registered",
          "inputs": [
            "0x34bf7e2d17674feb234371a7ea58efd715f0e56ba20ebf13789480d9d643afaf"
          ],
          "outputs": [
            "false"
          ],
          "type_args": [
            "0x1::aptos_coin::AptosCoin"
          ],
          "sub_traces": []
        },
        {
          "pc": 0,
          "module_id": "0000000000000000000000000000000000000000000000000000000000000001::account",
          "func_name": "register_coin",
          "inputs": [
            "0x34bf7e2d17674feb234371a7ea58efd715f0e56ba20ebf13789480d9d643afaf"
          ],
          "outputs": [],
          "type_args": [
            "0x1::aptos_coin::AptosCoin"
          ],
          "sub_traces": [
            {
              "pc": 0,
              "module_id": "0000000000000000000000000000000000000000000000000000000000000001::event",
              "func_name": "emit_event",
              "inputs": [
                "struct[0u64, struct[struct[0u64, 0x34bf7e2d17674feb234371a7ea58efd715f0e56ba20ebf13789480d9d643afaf]]]",
                ""
              ],
              "outputs": [],
              "type_args": [
                "0x1::aptos_coin::AptosCoin"
              ],
              "sub_traces": []
            }
          ]
        },
        {
          "pc": 0,
          "module_id": "0000000000000000000000000000000000000000000000000000000000000001::account",
          "func_name": "new_event_handle",
          "inputs": [
            "signer(0x34bf7e2d17674feb234371a7ea58efd715f0e56ba20ebf13789480d9d643afaf)"
          ],
          "outputs": [
            "struct[0u64, struct[struct[2u64, 0x34bf7e2d17674feb234371a7ea58efd715f0e56ba20ebf13789480d9d643afaf]]]"
          ],
          "type_args": [
            "0x1::aptos_coin::AptosCoin"
          ],
          "sub_traces": [
            {
              "pc": 0,
              "module_id": "0000000000000000000000000000000000000000000000000000000000000001::account",
              "func_name": "create_guid",
              "inputs": [
                "signer(0x34bf7e2d17674feb234371a7ea58efd715f0e56ba20ebf13789480d9d643afaf)"
              ],
              "outputs": [
                "struct[struct[2u64, 0x34bf7e2d17674feb234371a7ea58efd715f0e56ba20ebf13789480d9d643afaf]]"
              ],
              "type_args": [
                "0x1::coin::DepositEvent"
              ],
              "sub_traces": [
                {
                  "pc": 0,
                  "module_id": "0000000000000000000000000000000000000000000000000000000000000001::signer",
                  "func_name": "address_of",
                  "inputs": [
                    "signer(0x34bf7e2d17674feb234371a7ea58efd715f0e56ba20ebf13789480d9d643afaf)"
                  ],
                  "outputs": [
                    "0x34bf7e2d17674feb234371a7ea58efd715f0e56ba20ebf13789480d9d643afaf"
                  ],
                  "type_args": [],
                  "sub_traces": []
                },
                {
                  "pc": 0,
                  "module_id": "0000000000000000000000000000000000000000000000000000000000000001::guid",
                  "func_name": "create",
                  "inputs": [
                    "0x34bf7e2d17674feb234371a7ea58efd715f0e56ba20ebf13789480d9d643afaf",
                    "2u64"
                  ],
                  "outputs": [
                    "struct[struct[2u64, 0x34bf7e2d17674feb234371a7ea58efd715f0e56ba20ebf13789480d9d643afaf]]"
                  ],
                  "type_args": [],
                  "sub_traces": []
                }
              ]
            },
            {
              "pc": 0,
              "module_id": "0000000000000000000000000000000000000000000000000000000000000001::event",
              "func_name": "new_event_handle",
              "inputs": [
                "struct[struct[2u64, 0x34bf7e2d17674feb234371a7ea58efd715f0e56ba20ebf13789480d9d643afaf]]"
              ],
              "outputs": [
                "struct[0u64, struct[struct[2u64, 0x34bf7e2d17674feb234371a7ea58efd715f0e56ba20ebf13789480d9d643afaf]]]"
              ],
              "type_args": [
                "0x1::coin::DepositEvent"
              ],
              "sub_traces": []
            }
          ]
        },
        {
          "pc": 0,
          "module_id": "0000000000000000000000000000000000000000000000000000000000000001::account",
          "func_name": "new_event_handle",
          "inputs": [
            "signer(0x34bf7e2d17674feb234371a7ea58efd715f0e56ba20ebf13789480d9d643afaf)"
          ],
          "outputs": [
            "struct[0u64, struct[struct[3u64, 0x34bf7e2d17674feb234371a7ea58efd715f0e56ba20ebf13789480d9d643afaf]]]"
          ],
          "type_args": [
            "0x1::aptos_coin::AptosCoin"
          ],
          "sub_traces": [
            {
              "pc": 0,
              "module_id": "0000000000000000000000000000000000000000000000000000000000000001::account",
              "func_name": "create_guid",
              "inputs": [
                "signer(0x34bf7e2d17674feb234371a7ea58efd715f0e56ba20ebf13789480d9d643afaf)"
              ],
              "outputs": [
                "struct[struct[3u64, 0x34bf7e2d17674feb234371a7ea58efd715f0e56ba20ebf13789480d9d643afaf]]"
              ],
              "type_args": [
                "0x1::coin::WithdrawEvent"
              ],
              "sub_traces": [
                {
                  "pc": 0,
                  "module_id": "0000000000000000000000000000000000000000000000000000000000000001::signer",
                  "func_name": "address_of",
                  "inputs": [
                    "signer(0x34bf7e2d17674feb234371a7ea58efd715f0e56ba20ebf13789480d9d643afaf)"
                  ],
                  "outputs": [
                    "0x34bf7e2d17674feb234371a7ea58efd715f0e56ba20ebf13789480d9d643afaf"
                  ],
                  "type_args": [],
                  "sub_traces": []
                },
                {
                  "pc": 0,
                  "module_id": "0000000000000000000000000000000000000000000000000000000000000001::guid",
                  "func_name": "create",
                  "inputs": [
                    "0x34bf7e2d17674feb234371a7ea58efd715f0e56ba20ebf13789480d9d643afaf",
                    "3u64"
                  ],
                  "outputs": [
                    "struct[struct[3u64, 0x34bf7e2d17674feb234371a7ea58efd715f0e56ba20ebf13789480d9d643afaf]]"
                  ],
                  "type_args": [],
                  "sub_traces": []
                }
              ]
            },
            {
              "pc": 0,
              "module_id": "0000000000000000000000000000000000000000000000000000000000000001::event",
              "func_name": "new_event_handle",
              "inputs": [
                "struct[struct[3u64, 0x34bf7e2d17674feb234371a7ea58efd715f0e56ba20ebf13789480d9d643afaf]]"
              ],
              "outputs": [
                "struct[0u64, struct[struct[3u64, 0x34bf7e2d17674feb234371a7ea58efd715f0e56ba20ebf13789480d9d643afaf]]]"
              ],
              "type_args": [
                "0x1::coin::WithdrawEvent"
              ],
              "sub_traces": []
            }
          ]
        }
      ]
    }
  ]
}
